// Jest Snapshot v1, https://goo.gl/fbAQLP

exports[`renders the list correctly 1`] = `
<div
  className="pa4 black-80"
>
  <h1
    className="baskerville fw1 ph3 ph0-l bb b--black-10 mb2 pb1"
  >
    All recipes
  </h1>
</div>
`;
